---
source: tui/src/model_migration.rs
expression: terminal.backend()
---

> DarwinCode just got an upgrade. Introducing gpt-5.1-darwin

  We recommend switching from gpt-5-darwin-code to
  gpt-5.1-darwin-code-max.

  DarwinCode-optimized flagship for deep and fast reasoning.
  Learn more about gpt-5.1-darwin-code-max at
  https://www.darwin_code.com/models/gpt-5.1-darwin-code-max

  Press enter to continue
