---
source: tui/src/chatwidget/tests/guardian.rs
expression: normalize_snapshot_paths(rendered)
---
╭───────────────────────────────────────╮
│ >_ Darwin Code (v0.0.1)         │
│                                       │
│ model:     loading   /model to change │
│ directory: /tmp/project               │
╰───────────────────────────────────────╯

• Reviewing 2 approval requests (0s • esc to interrupt)
  └ • rm -rf '/tmp/guardian target 1'
    • rm -rf '/tmp/guardian target 2'


› Explain this codebase

  gpt-5.3-darwin-code default · /tmp/project
