---
source: tui/src/chatwidget/tests/exec_flow.rs
expression: normalized_backend_snapshot(terminal.backend())
---
"                                                                                "
"• Working (0s • esc to interrupt)                                               "
"                                                                                "
"                                                                                "
"› Explain this codebase                                                         "
"                                                                                "
"  gpt-5.3-darwin-code default · /tmp/project                                    "
